RAM Allocation [bytes]
Variable                                                                          Address   Size
------------------------------------------------------------------------------------------------
g_time_ticks                                                                      0x0300       4
lane_event_pending                                                                0x0304       8
lane_event_time                                                                   0x030C      32
rx_buffer0                                                                        0x032C     256
rx_wr_index0                                                                      0x042C       1
rx_rd_index0                                                                      0x042D       1
rx_counter0                                                                       0x042E       2
tx_buffer0                                                                        0x0430     256
tx_wr_index0                                                                      0x0530       1
tx_rd_index0                                                                      0x0531       1
tx_counter0                                                                       0x0532       2
lane_last_time                                                                    0x0534      32
low_count (sensors.c)                                                             0x0554       8
last_sample_tick (switches.c)                                                     0x055C       4
last_raw (switches.c)                                                             0x0560       1
stable_state (switches.c)                                                         0x0561       1
stable_count (switches.c)                                                         0x0562       1
press_start_tick (switches.c)                                                     0x0563       4
g_handler (protocol.c)                                                            0x0567       2
linebuf (protocol.c)                                                              0x0569      80
idx (protocol.c)                                                                  0x05B9       1
line (sniffer.c)                                                                  0x05BA      80
idx (sniffer.c)                                                                   0x060A       1
q (sniffer.c)                                                                     0x060B     320
q_wr (sniffer.c)                                                                  0x074B       1
q_rd (sniffer.c)                                                                  0x074C       1
q_count (sniffer.c)                                                               0x074D       1

EEPROM Allocation [bytes]
Variable                                                                          Address   Size
------------------------------------------------------------------------------------------------

Register Allocation
Variable                                                                          Register  Size
------------------------------------------------------------------------------------------------
rx_buffer_overflow0                                                               GPIOR0.0  1bit

FLASH Allocation [words]
Function                                                                          Address   Size
------------------------------------------------------------------------------------------------
led_poweron_blink                                                                 0x000A6     17
print_startup_banner_G000                                                         0x000B7     29
protocol_on_cmd_G000                                                              0x000D4     36
main                                                                              0x000F8     54
usart_rx_isr                                                                      0x0012E     31
usart_tx_isr                                                                      0x0014D     34
putchar                                                                           0x0016F     41
uart_init                                                                         0x00198     48
setup                                                                             0x001C8     81
timer1_ovf_isr                                                                    0x00219    136
switches_init                                                                     0x002A1      3
switch1_poll                                                                      0x002A4    145
protocol_init                                                                     0x00335     13
track_power_on                                                                    0x00342      3
track_power_off                                                                   0x00345      3
put_usart_G100                                                                    0x00348     14
_print_G100                                                                       0x00356    451
printf                                                                            0x00519     39
strlen                                                                            0x00540     12
strlenf                                                                           0x0054C     13
